current directory: /Users/igor/Projects/synca/vendor/bundle/ruby/3.3.0/gems/psych-5.3.1/ext/psych
/Users/igor/.rbenv/versions/3.3.1/bin/ruby extconf.rb
checking for pkg-config for yaml-0.1... ["-I/usr/local/Cellar/libyaml/0.2.5/include ", "-L/usr/local/Cellar/libyaml/0.2.5/lib", "-lyaml"]
creating Makefile

current directory: /Users/igor/Projects/synca/vendor/bundle/ruby/3.3.0/gems/psych-5.3.1/ext/psych
make DESTDIR\= sitearchdir\=./.gem.20260527-55284-jup7h9 sitelibdir\=./.gem.20260527-55284-jup7h9 clean
cd libyaml && /Applications/Xcode.app/Contents/Developer/usr/bin/make clean
/bin/sh: line 0: cd: libyaml: No such file or directory
make: [clean-so] Error 1 (ignored)

current directory: /Users/igor/Projects/synca/vendor/bundle/ruby/3.3.0/gems/psych-5.3.1/ext/psych
make DESTDIR\= sitearchdir\=./.gem.20260527-55284-jup7h9 sitelibdir\=./.gem.20260527-55284-jup7h9
compiling psych.c
compiling psych_emitter.c
compiling psych_parser.c
compiling psych_to_ruby.c
compiling psych_yaml_tree.c
linking shared-object psych.bundle
ld: warning: -multiply_defined is obsolete

current directory: /Users/igor/Projects/synca/vendor/bundle/ruby/3.3.0/gems/psych-5.3.1/ext/psych
make DESTDIR\= sitearchdir\=./.gem.20260527-55284-jup7h9 sitelibdir\=./.gem.20260527-55284-jup7h9 install
/usr/local/bin/ginstall -c -m 0755 psych.bundle ./.gem.20260527-55284-jup7h9

current directory: /Users/igor/Projects/synca/vendor/bundle/ruby/3.3.0/gems/psych-5.3.1/ext/psych
make DESTDIR\= sitearchdir\=./.gem.20260527-55284-jup7h9 sitelibdir\=./.gem.20260527-55284-jup7h9 clean
cd libyaml && /Applications/Xcode.app/Contents/Developer/usr/bin/make clean
/bin/sh: line 0: cd: libyaml: No such file or directory
make: [clean-so] Error 1 (ignored)
