current directory: /Users/igor/Projects/synca/vendor/bundle/ruby/3.3.0/gems/date-3.5.1/ext/date
/Users/igor/.rbenv/versions/3.3.1/bin/ruby extconf.rb
checking for rb_category_warn()... yes
checking for timezone in time.h with  -Werror... yes
checking for altzone in time.h with  -Werror... no
creating Makefile

current directory: /Users/igor/Projects/synca/vendor/bundle/ruby/3.3.0/gems/date-3.5.1/ext/date
make DESTDIR\= sitearchdir\=./.gem.20260527-55284-2x8d80 sitelibdir\=./.gem.20260527-55284-2x8d80 clean

current directory: /Users/igor/Projects/synca/vendor/bundle/ruby/3.3.0/gems/date-3.5.1/ext/date
make DESTDIR\= sitearchdir\=./.gem.20260527-55284-2x8d80 sitelibdir\=./.gem.20260527-55284-2x8d80
compiling date_core.c
compiling date_parse.c
compiling date_strftime.c
compiling date_strptime.c
linking shared-object date_core.bundle
ld: warning: -multiply_defined is obsolete

current directory: /Users/igor/Projects/synca/vendor/bundle/ruby/3.3.0/gems/date-3.5.1/ext/date
make DESTDIR\= sitearchdir\=./.gem.20260527-55284-2x8d80 sitelibdir\=./.gem.20260527-55284-2x8d80 install
/usr/local/bin/ginstall -c -m 0755 date_core.bundle ./.gem.20260527-55284-2x8d80

current directory: /Users/igor/Projects/synca/vendor/bundle/ruby/3.3.0/gems/date-3.5.1/ext/date
make DESTDIR\= sitearchdir\=./.gem.20260527-55284-2x8d80 sitelibdir\=./.gem.20260527-55284-2x8d80 clean
